> Task :yCore-Velocity:compileJava UP-TO-DATE
> Task :compileJava UP-TO-DATE

BUILD SUCCESSFUL in 1s
2 actionable tasks: 2 up-to-date
Consider enabling configuration cache to speed up this build: https://docs.gradle.org/9.2.1/userguide/configuration_cache_enabling.html
